
> ecossistema-mental@0.0.0 build
> vite build

[36mvite v6.4.1 [32mbuilding for production...[36m[39m
transforming...
[32mÔ£ô[39m 455 modules transformed.
rendering chunks...
computing gzip size...
[2mdist/[22m[32mindex.html                                  [39m[1m[2m    4.15 kB[22m[1m[22m[2m Ôöé gzip:     1.52 kB[22m
[2mdist/[22m[36massets/workbox-window.prod.es5-BIl4cyR9.js  [39m[1m[2m    5.76 kB[22m[1m[22m[2m Ôöé gzip:     2.37 kB[22m
[2mdist/[22m[36massets/index-BqiRc7b8.js                    [39m[1m[33m6,225.59 kB[39m[22m[2m Ôöé gzip: 2,484.40 kB[22m
node.exe : [33m
No linha:1 caractere:1
+ & "C:\Program 
Files\nodejs/node.exe" 
"C:\Program 
Files\nodejs/node_mo 
...
+ ~~~~~~~~~~~~~~~~~~~~~
~~~~~~~~~~~~~~~~~~~~~~~
~~~~~~~~~~~~~~~~~~~~~~~
~~
    + CategoryInfo     
         : NotSpecifi  
  ed: ([33m:String)   
  [], RemoteExcepti    
on
    + FullyQualifiedEr 
   rorId : NativeComm  
  andError
 
(!) Some chunks are 
larger than 2000 kB 
after minification. 
Consider:
- Using dynamic 
import() to code-split 
the application
- Use build.rollupOptio
ns.output.manualChunks 
to improve chunking: ht
tps://rollupjs.org/conf
iguration-options/#outp
ut-manualchunks
- Adjust chunk size 
limit for this warning 
via build.chunkSizeWarn
ingLimit.[39m
[32mÔ£ô built in 3.16s[39m
[31merror during 
build:
Error: 
  Configure "workbox.ma
ximumFileSizeToCacheInB
ytes" to change the 
limit: the default 
value is 2 MiB.
  Check https://vite-pw
a-org.netlify.app/guide
/faq.html#missing-asset
s-from-sw-precache-mani
fest for more 
information.
  Assets exceeding the 
limit:
  - assets/index-BqiRc7
b8.js is 6.23 MB, and 
won't be precached.

    at 
logWorkboxResult (file:
///C:/Users/nayla/Downl
oads/ECOSSITEMA-MENTAL-
main/ECOSSITEMA-MENTAL-
main/node_modules/vite-
plugin-pwa/dist/chunk-G
4TAN34B.js:44:13)
    at 
generateServiceWorker (
file:///C:/Users/nayla/
Downloads/ECOSSITEMA-ME
NTAL-main/ECOSSITEMA-ME
NTAL-main/node_modules/
vite-plugin-pwa/dist/in
dex.js:209:3)
    at async 
_generateSW (file:///C:
/Users/nayla/Downloads/
ECOSSITEMA-MENTAL-main/
ECOSSITEMA-MENTAL-main/
node_modules/vite-plugi
n-pwa/dist/index.js:234
:5)
    at async 
Object.handler (file://
/C:/Users/nayla/Downloa
ds/ECOSSITEMA-MENTAL-ma
in/ECOSSITEMA-MENTAL-ma
in/node_modules/vite-pl
ugin-pwa/dist/index.js:
427:13)
    at async PluginDriv
er.hookParallel (file:/
//C:/Users/nayla/Downlo
ads/ECOSSITEMA-MENTAL-m
ain/ECOSSITEMA-MENTAL-m
ain/node_modules/rollup
/dist/es/shared/node-en
try.js:22475:17)
    at async 
Object.close (file:///C
:/Users/nayla/Downloads
/ECOSSITEMA-MENTAL-main
/ECOSSITEMA-MENTAL-main
/node_modules/rollup/di
st/es/shared/node-entry
.js:23494:13)
    at async 
buildEnvironment (file:
///C:/Users/nayla/Downl
oads/ECOSSITEMA-MENTAL-
main/ECOSSITEMA-MENTAL-
main/node_modules/vite/
dist/node/chunks/dep-D4
NMHUTW.js:46258:17)
    at async 
Object.defaultBuildApp 
[as buildApp] (file:///
C:/Users/nayla/Download
s/ECOSSITEMA-MENTAL-mai
n/ECOSSITEMA-MENTAL-mai
n/node_modules/vite/dis
t/node/chunks/dep-D4NMH
UTW.js:46713:5)
    at async 
CAC.<anonymous> (file:/
//C:/Users/nayla/Downlo
ads/ECOSSITEMA-MENTAL-m
ain/ECOSSITEMA-MENTAL-m
ain/node_modules/vite/d
ist/node/cli.js:863:7)
[39m
